case=baseline
expected_rc=0
command=env -u LD_LIBRARY_PATH LD_LIBRARY_PATH=/usr/local/fbcode/platform010-aarch64/lib:/home/haowumark14/fbsource/fbcode/third-party-buck/platform010-aarch64/build/gmp/lib:/home/haowumark14/fbsource/buck-out/v2/art/fbsource/8bba1f95dbfc94ea/third-party/yices2/__yices__ /usr/local/fbcode/platform010-aarch64/bin/python3.12 -m paper_joint_solver ../sched2tlx/examples/case3_FA_fp16_subtiled/ddg.json --baseline-graph ../sched2tlx/examples/case3_FA_fp16_subtiled/schedule_graph.json -o ablations_v7/baseline.json --warp-fixed-overhead 4 --ilp-seconds 240 --smt-seconds 300 --max-wall-s 3600 

case=baseline actual_rc=0
case=warps_minus_one
expected_rc=0
command=env -u LD_LIBRARY_PATH LD_LIBRARY_PATH=/usr/local/fbcode/platform010-aarch64/lib:/home/haowumark14/fbsource/fbcode/third-party-buck/platform010-aarch64/build/gmp/lib:/home/haowumark14/fbsource/buck-out/v2/art/fbsource/8bba1f95dbfc94ea/third-party/yices2/__yices__ /usr/local/fbcode/platform010-aarch64/bin/python3.12 -m paper_joint_solver ../sched2tlx/examples/case3_FA_fp16_subtiled/ddg.json --baseline-graph ../sched2tlx/examples/case3_FA_fp16_subtiled/schedule_graph.json --num-warps 31 -o ablations_v7/warps_minus_one.json --warp-fixed-overhead 4 --ilp-seconds 240 --smt-seconds 300 --max-wall-s 3600 

case=warps_minus_one actual_rc=0
case=warps_half
expected_rc=0
command=env -u LD_LIBRARY_PATH LD_LIBRARY_PATH=/usr/local/fbcode/platform010-aarch64/lib:/home/haowumark14/fbsource/fbcode/third-party-buck/platform010-aarch64/build/gmp/lib:/home/haowumark14/fbsource/buck-out/v2/art/fbsource/8bba1f95dbfc94ea/third-party/yices2/__yices__ /usr/local/fbcode/platform010-aarch64/bin/python3.12 -m paper_joint_solver ../sched2tlx/examples/case3_FA_fp16_subtiled/ddg.json --baseline-graph ../sched2tlx/examples/case3_FA_fp16_subtiled/schedule_graph.json --num-warps 16 -o ablations_v7/warps_half.json --warp-fixed-overhead 4 --ilp-seconds 240 --smt-seconds 300 --max-wall-s 3600 

case=warps_half actual_rc=0
case=no_subtiling
expected_rc=0
command=env -u LD_LIBRARY_PATH LD_LIBRARY_PATH=/usr/local/fbcode/platform010-aarch64/lib:/home/haowumark14/fbsource/fbcode/third-party-buck/platform010-aarch64/build/gmp/lib:/home/haowumark14/fbsource/buck-out/v2/art/fbsource/8bba1f95dbfc94ea/third-party/yices2/__yices__ /usr/local/fbcode/platform010-aarch64/bin/python3.12 -m paper_joint_solver ../sched2tlx/examples/case3_FA_fp16/ddg.json --baseline-graph ../sched2tlx/examples/case3_FA_fp16/schedule_graph.json -o ablations_v7/no_subtiling.json --warp-fixed-overhead 4 --ilp-seconds 240 --smt-seconds 300 --max-wall-s 3600 

case=no_subtiling actual_rc=0
case=no_cross_warp
expected_rc=2
command=env -u LD_LIBRARY_PATH LD_LIBRARY_PATH=/usr/local/fbcode/platform010-aarch64/lib:/home/haowumark14/fbsource/fbcode/third-party-buck/platform010-aarch64/build/gmp/lib:/home/haowumark14/fbsource/buck-out/v2/art/fbsource/8bba1f95dbfc94ea/third-party/yices2/__yices__ /usr/local/fbcode/platform010-aarch64/bin/python3.12 -m paper_joint_solver ../sched2tlx/examples/case3_FA_fp16_subtiled/ddg.json --baseline-graph ../sched2tlx/examples/case3_FA_fp16_subtiled/schedule_graph.json --no-cross-warp -o ablations_v7/no_cross_warp.json --warp-fixed-overhead 4 --ilp-seconds 240 --smt-seconds 300 --max-wall-s 3600 

case=no_cross_warp actual_rc=2
